TAP version 13
# Subtest: @modelcontextprotocol/server-sequential-thinking installs with canonical relocatable paths
ok 1 - @modelcontextprotocol/server-sequential-thinking installs with canonical relocatable paths
  ---
  duration_ms: 30950.2961
  type: 'test'
  ...
# {"packageName":"@modelcontextprotocol/server-sequential-thinking","version":"2026.7.4","entryPointRelativePath":"dist/index.js","toolCount":1}
# Subtest: @modelcontextprotocol/server-memory installs with canonical relocatable paths
ok 2 - @modelcontextprotocol/server-memory installs with canonical relocatable paths
  ---
  duration_ms: 23656.7514
  type: 'test'
  ...
# {"packageName":"@modelcontextprotocol/server-memory","version":"2026.7.4","entryPointRelativePath":"dist/index.js","toolCount":9}
1..2
# tests 2
# suites 0
# pass 2
# fail 0
# cancelled 0
# skipped 0
# todo 0
# duration_ms 55689.1864
