/Users/runner/work/hanlin-ai/hanlin-ai/AI_HLY/Downstream/HostServices/Adapters/AgentHostServicesAdapter.swift:77:21: error: value of optional type 'RuntimeExecutionLimits?' must be unwrapped to a value of type 'RuntimeExecutionLimits'
/Users/runner/work/hanlin-ai/hanlin-ai/AI_HLY/Downstream/HostServices/Adapters/ExpoHostServicesAdapter.swift:37:17: error: method cannot be declared public because its parameter uses an internal type
/Users/runner/work/hanlin-ai/hanlin-ai/AI_HLY/Downstream/HostServices/Adapters/ExpoHostServicesAdapter.swift:95:70: error: incorrect argument label in call (have 'at:area:context:', expected 'virtualPath:area:context:')
/Users/runner/work/hanlin-ai/hanlin-ai/AI_HLY/Downstream/HostServices/Adapters/ExpoHostServicesAdapter.swift:97:42: error: type 'HanlinHostServiceError' has no member 'fileOperationFailed'
/Users/runner/work/hanlin-ai/hanlin-ai/AI_HLY/Downstream/HostServices/Adapters/ExpoHostServicesAdapter.swift:110:60: error: incorrect argument labels in call (have 'at:data:area:context:', expected 'virtualPath:area:data:context:')
/Users/runner/work/hanlin-ai/hanlin-ai/AI_HLY/Downstream/HostServices/Adapters/ExpoHostServicesAdapter.swift:125:42: error: type 'HanlinHostServiceError' has no member 'invalidPath'
/Users/runner/work/hanlin-ai/hanlin-ai/AI_HLY/Downstream/HostServices/Adapters/ExpoHostServicesAdapter.swift:131:42: error: type 'HanlinHostServiceError' has no member 'runtimeExecutionFailed'
/Users/runner/work/hanlin-ai/hanlin-ai/AI_HLY/Downstream/HostServices/Adapters/ExpoHostServicesAdapter.swift:134:42: error: type 'HanlinHostServiceError' has no member 'runtimeExecutionFailed'
/Users/runner/work/hanlin-ai/hanlin-ai/AI_HLY/Downstream/HostServices/Adapters/NativeScriptHostServicesAdapter.swift:50:56: error: call to actor-isolated instance method 'prepareContainer(for:)' in a synchronous nonisolated context
/Users/runner/work/hanlin-ai/hanlin-ai/AI_HLY/Downstream/HostServices/Adapters/NativeScriptHostServicesAdapter.swift:50:39: error: main actor-isolated static property 'shared' can not be referenced from a nonisolated context
/Users/runner/work/hanlin-ai/hanlin-ai/AI_HLY/Downstream/HostServices/Adapters/NativeScriptHostServicesAdapter.swift:55:56: error: call to actor-isolated instance method 'prepareContainer(for:)' in a synchronous nonisolated context
/Users/runner/work/hanlin-ai/hanlin-ai/AI_HLY/Downstream/HostServices/Adapters/NativeScriptHostServicesAdapter.swift:55:39: error: main actor-isolated static property 'shared' can not be referenced from a nonisolated context
/Users/runner/work/hanlin-ai/hanlin-ai/AI_HLY/Downstream/HostServices/Adapters/NativeScriptHostServicesAdapter.swift:60:56: error: call to actor-isolated instance method 'prepareContainer(for:)' in a synchronous nonisolated context
/Users/runner/work/hanlin-ai/hanlin-ai/AI_HLY/Downstream/HostServices/Adapters/NativeScriptHostServicesAdapter.swift:60:39: error: main actor-isolated static property 'shared' can not be referenced from a nonisolated context
/Users/runner/work/hanlin-ai/hanlin-ai/AI_HLY/Downstream/HostServices/Adapters/NativeScriptHostServicesAdapter.swift:65:56: error: call to actor-isolated instance method 'prepareContainer(for:)' in a synchronous nonisolated context
/Users/runner/work/hanlin-ai/hanlin-ai/AI_HLY/Downstream/HostServices/Adapters/NativeScriptHostServicesAdapter.swift:65:39: error: main actor-isolated static property 'shared' can not be referenced from a nonisolated context
/Users/runner/work/hanlin-ai/hanlin-ai/AI_HLY/Downstream/HostServices/Adapters/NativeScriptHostServicesAdapter.swift:250:21: error: converting non-Sendable function value to '@Sendable (String, String, @escaping (String?, String?) -> Void) -> Void' may introduce data races
/Users/runner/work/hanlin-ai/hanlin-ai/AI_HLY/Downstream/HostServices/Adapters/NativeScriptHostServicesAdapter.swift:273:14: error: instance method 'lock' is unavailable from asynchronous contexts; Use async-safe scoped locking instead
/Users/runner/work/hanlin-ai/hanlin-ai/AI_HLY/Downstream/HostServices/Adapters/NativeScriptHostServicesAdapter.swift:275:18: error: instance method 'unlock' is unavailable from asynchronous contexts; Use async-safe scoped locking instead
/Users/runner/work/hanlin-ai/hanlin-ai/AI_HLY/Downstream/HostServices/Adapters/NativeScriptHostServicesAdapter.swift:279:18: error: instance method 'unlock' is unavailable from asynchronous contexts; Use async-safe scoped locking instead
/Users/runner/work/hanlin-ai/hanlin-ai/AI_HLY/Downstream/HostServices/Adapters/NativeScriptHostServicesAdapter.swift:283:14: error: instance method 'unlock' is unavailable from asynchronous contexts; Use async-safe scoped locking instead
/Users/runner/work/hanlin-ai/hanlin-ai/AI_HLY/Downstream/HostServices/Adapters/SwiftMiniAppHostServicesAdapter.swift:26:17: error: method cannot be declared public because its parameter uses an internal type
/Users/runner/work/hanlin-ai/hanlin-ai/AI_HLY/Downstream/HostServices/Adapters/SwiftMiniAppHostServicesAdapter.swift:44:58: error: value of optional type 'Data?' must be unwrapped to a value of type 'Data'
/Users/runner/work/hanlin-ai/hanlin-ai/AI_HLY/Downstream/HostServices/Adapters/SwiftMiniAppHostServicesAdapter.swift:44:66: error: incorrect argument label in call (have 'at:area:context:', expected 'virtualPath:area:context:')
/Users/runner/work/hanlin-ai/hanlin-ai/AI_HLY/Downstream/HostServices/Adapters/SwiftMiniAppHostServicesAdapter.swift:52:60: error: incorrect argument labels in call (have 'at:data:area:context:', expected 'virtualPath:area:data:context:')
/Users/runner/work/hanlin-ai/hanlin-ai/AI_HLY/Downstream/HostServices/System/HanlinSystemServicesBroker.swift:237:39: error: type 'CLLocationManager' does not conform to the 'Sendable' protocol
/Users/runner/work/hanlin-ai/hanlin-ai/AI_HLY/Downstream/NativeScript/HanlinNativeServicesBridge.swift:69:46: error: value of type 'HanlinHostCallContext' has no member 'grantedCapabilities'
/Users/runner/work/hanlin-ai/hanlin-ai/AI_HLY/Downstream/NativeScript/HanlinNativeServicesBridge.swift:256:21: error: instance method 'lock' is unavailable from asynchronous contexts; Use async-safe scoped locking instead
/Users/runner/work/hanlin-ai/hanlin-ai/AI_HLY/Downstream/NativeScript/HanlinNativeServicesBridge.swift:258:21: error: instance method 'unlock' is unavailable from asynchronous contexts; Use async-safe scoped locking instead
/Users/runner/work/hanlin-ai/hanlin-ai/AI_HLY/Downstream/ScriptingPlatform/HanlinScriptingPlatform.swift:462:28: error: cannot find 'appID' in scope
/Users/runner/work/hanlin-ai/hanlin-ai/AI_HLY/Downstream/ScriptingPlatform/HanlinScriptingPlatform.swift:463:49: error: value of type 'HanlinStoredPackageSnapshot' has no member 'id'